[ziimo-halloween.pl/index.html]
[ziimo-halloween.pl/s200x200.png]
[ziimo-halloween.pl/css/bootstrap.min.css]
[ziimo-halloween.pl/css/main.css]
[ziimo-halloween.pl/css/now-ui-kit.css]
[backblue.gif]
[fade.gif]
[index.html]
[ziimo-halloween.pl/Webp.net-resizeimage.png]
[ziimo-halloween.pl/index-2.html]
[ziimo-halloween.pl/dlaczego.html]
[ziimo-halloween.pl/rekrutacja.html]
[ziimo-halloween.pl/reklama.html]
[ziimo-halloween.pl/game.html]
[ziimo-halloween.pl/regulamin.html]
[cdnjs.cloudflare.com/ajax/libs/popper.js/1.14.7/umd/popper.min.js]
[ziimo-halloween.pl/js/now-ui-kit.min.js]
[ziimo-halloween.pl/index.html]
[ziimo-halloween.pl/css/bootstrap.min.css]
[ziimo-halloween.pl/assets/wavy-purple-by-nouridio.svg]
[code.jquery.com/jquery-3.3.1.slim.min.js]
[stackpath.bootstrapcdn.com/bootstrap/4.3.1/js/bootstrap.min.js]
[ziimo-halloween.pl/assets/wavy-dark-by-nouridio.svg]
[ziimo-halloween.pl/assets/wavy-light-by-nouridio.svg]
[ziimo-halloween.pl/css/main.css]
[ziimo-halloween.pl/fonts/nucleo-outline.eot]
[ziimo-halloween.pl/fonts/nucleo-outline.woff2]
[ziimo-halloween.pl/fonts/nucleo-outline.woff]
[ziimo-halloween.pl/fonts/nucleo-outline.ttf]
[ziimo-halloween.pl/css/now-ui-kit.css]
[ziimo-halloween.pl/index-2.html]
[ziimo-halloween.pl/dlaczego.html]
[ziimo-halloween.pl/rekrutacja.html]
[ziimo-halloween.pl/features]
[ziimo-halloween.pl/reklama.html]
[code.jquery.com/jquery-3.3.1.min.js]
[ziimo-halloween.pl/game.html]
[ziimo-halloween.pl/regulamin.html]
[ziimo-halloween.pl/assets/wavy-purple-by-nouridio.svg]
[ziimo-halloween.pl/assets/wavy-dark-by-nouridio.svg]
[ziimo-halloween.pl/assets/wavy-light-by-nouridio.svg]
[ziimo-halloween.pl/fonts/nucleo-outline.html]
[ziimo-halloween.pl/fonts/nucleo-outline-2.html]
[ziimo-halloween.pl/fonts/nucleo-outline-3.html]
[ziimo-halloween.pl/fonts/nucleo-outline-4.html]
[ziimo-halloween.pl/features.html]
[ziimo-halloween.pl/main.js]
